// Jest Snapshot v1, https://goo.gl/fbAQLP

exports[`all 1`] = `
<!DOCTYPE html>
<html x-key="uQR8MK" lang="en">
<head x-key="n5oR5l"></head>
<body x-key="4VFhwI">
  <div x-key="sDIVzc" x-classes="{active:true,'custom-class-name':$item.value === 3}"></div>
</body>
</html>
`;

exports[`all 2`] = `
<!DOCTYPE html>
<html x-key="uQR8MK" lang="en">
<head x-key="n5oR5l"></head>
<body x-key="4VFhwI">
  <div x-key="sDIVzc" x-classes="{active:true,'custom-class-name':$item.value === 3}"></div>
</body>
</html>
`;
