// Jest Snapshot v1, https://goo.gl/fbAQLP

exports[`all 1`] = `
<!DOCTYPE html>
<html x-key="M6CNyI" lang="en">
<head x-key="f33lvE">
  <meta x-key="6ZH6fG" charset="UTF-8">
  <meta x-key="s34fXL" name="viewport" content="width=device-width, initial-scale=1.0">
  <title x-key="PMt0cr">Document</title>
</head>
<body x-key="aXrVTU">
  <img x-key="GMEVF2" src="https://www.baidu.com/favicon.ico">
  <img x-key="qLqtJx" x--src="$item.data.url">
  <img x-key="gd90Ci" x-src="5ee4443700eef44a9041f9f0">
  <img x-key="8GMdWA" x-src="5ee4443700eef44a9041f9f0">
</body>
</html>
`;

exports[`all 2`] = `
<!DOCTYPE html>
<html x-key="M6CNyI" lang="en">
<head x-key="f33lvE">
  <meta x-key="6ZH6fG" charset="UTF-8">
  <meta x-key="s34fXL" name="viewport" content="width=device-width, initial-scale=1.0">
  <title x-key="PMt0cr">Document</title>
</head>
<body x-key="aXrVTU">
  <img x-key="GMEVF2" src="https://www.baidu.com/favicon.ico">
  <img x-key="qLqtJx" x--src="$item.data.url">
  <img x-key="gd90Ci" x-src="5ee4443700eef44a9041f9f0">
  <img x-key="8GMdWA" x-src="5ee4443700eef44a9041f9f0">
</body>
</html>
`;
